node.exe : FAIL src/webhook/application/handlers/report-incident.handler.spec.ts
Au caractère Ligne:1 : 1
+ & "C:\nvm4w\nodejs/node.exe" "C:\nvm4w\nodejs/node_modules/npm/bin/np ...
+ ~~~~~~~~~~~~~~~~~~~~~~~~~~~~~~~~~~~~~~~~~~~~~~~~~~~~~~~~~~~~~~~~~~~~~
    + CategoryInfo          : NotSpecified: (FAIL src/webhoo...handler.spec.ts:String) [], RemoteException
    + FullyQualifiedErrorId : NativeCommandError
 
  ÔùÅ Test suite failed to run

    [96msrc/webhook/application/handlers/report-incident.handler.ts[0m:[93m27[0m:[93m36[0m - [91merror[0m[90m TS2339: [0mProperty 'sendText' does not exist on type 
'IMessagingService'.

    [7m27[0m             await messagingService.sendText(senderPhoneNumber, "Utilisateur non identifi├®.");
    [7m  [0m [91m                                   ~~~~~~~~[0m
    [96msrc/webhook/application/handlers/report-incident.handler.ts[0m:[93m38[0m:[93m36[0m - [91merror[0m[90m TS2339: [0mProperty 'sendText' does not exist on type 
'IMessagingService'.

    [7m38[0m             await messagingService.sendText(senderPhoneNumber, "Cette fonctionnalit├® n'est pas incluse dans votre plan.");
    [7m  [0m [91m                                   ~~~~~~~~[0m
    [96msrc/webhook/application/handlers/report-incident.handler.ts[0m:[93m67[0m:[93m36[0m - [91merror[0m[90m TS2339: [0mProperty 'sendText' does not exist on type 
'IMessagingService'.

    [7m67[0m             await messagingService.sendText(senderPhoneNumber, responseText);
    [7m  [0m [91m                                   ~~~~~~~~[0m
    [96msrc/webhook/application/handlers/report-incident.handler.ts[0m:[93m72[0m:[93m36[0m - [91merror[0m[90m TS2339: [0mProperty 'sendText' does not exist on type 
'IMessagingService'.

    [7m72[0m             await messagingService.sendText(senderPhoneNumber, "Une erreur est survenue lors du signalement de l'incident. Veuillez r├®essayer.");
    [7m  [0m [91m                                   ~~~~~~~~[0m

Test Suites: 1 failed, 1 total
Tests:       0 total
Snapshots:   0 total
Time:        5.749 s
Ran all test suites matching src/webhook/application/handlers/report-incident.handler.spec.ts.
